\BOOKMARK [1][]{section.2}{\376\377\000I\000n\000t\000r\000o\000d\000u\000c\000t\000i\000o\000n}{}% 1
\BOOKMARK [1][]{section.8}{\376\377\000R\000e\000l\000a\000t\000e\000d\000\040\000W\000o\000r\000k}{}% 2
\BOOKMARK [2][]{subsection.9}{\376\377\000M\000u\000l\000t\000i\000m\000o\000d\000a\000l\000\040\000d\000e\000e\000p\000f\000a\000k\000e\000\040\000d\000e\000t\000e\000c\000t\000i\000o\000n}{section.8}% 3
\BOOKMARK [2][]{subsection.10}{\376\377\000C\000o\000m\000p\000r\000e\000s\000s\000i\000o\000n\000\040\000f\000o\000r\000\040\000e\000f\000f\000i\000c\000i\000e\000n\000t\000\040\000d\000e\000e\000p\000f\000a\000k\000e\000\040\000d\000e\000t\000e\000c\000t\000i\000o\000n}{section.8}% 4
\BOOKMARK [2][]{subsection.11}{\376\377\000E\000x\000p\000l\000a\000n\000a\000t\000i\000o\000n\000-\000p\000r\000e\000s\000e\000r\000v\000i\000n\000g\000\040\000d\000i\000s\000t\000i\000l\000l\000a\000t\000i\000o\000n\000\040\000a\000n\000d\000\040\000a\000t\000t\000e\000n\000t\000i\000o\000n\000\040\000e\000f\000f\000i\000c\000i\000e\000n\000c\000y}{section.8}% 5
\BOOKMARK [1][]{section.14}{\376\377\000P\000r\000o\000p\000o\000s\000e\000d\000\040\000M\000e\000t\000h\000o\000d}{}% 6
\BOOKMARK [2][]{subsection.17}{\376\377\000T\000e\000a\000c\000h\000e\000r\000\040\000m\000o\000d\000e\000l}{section.14}% 7
\BOOKMARK [2][]{subsection.21}{\376\377\000P\000I\000N\000-\000L\000i\000t\000e\000\040\000s\000t\000u\000d\000e\000n\000t}{section.14}% 8
\BOOKMARK [2][]{subsection.24}{\376\377\000A\000t\000t\000e\000n\000t\000i\000o\000n\000-\000a\000w\000a\000r\000e\000\040\000k\000n\000o\000w\000l\000e\000d\000g\000e\000\040\000d\000i\000s\000t\000i\000l\000l\000a\000t\000i\000o\000n}{section.14}% 9
\BOOKMARK [2][]{subsection.30}{\376\377\000P\000r\000u\000n\000i\000n\000g\000\040\000a\000n\000d\000\040\000q\000u\000a\000n\000t\000i\000z\000a\000t\000i\000o\000n}{section.14}% 10
\BOOKMARK [2][]{subsection.31}{\376\377\000E\000x\000p\000l\000a\000i\000n\000a\000b\000i\000l\000i\000t\000y\000\040\000P\000r\000e\000s\000e\000r\000v\000a\000t\000i\000o\000n\000\040\000S\000c\000o\000r\000e}{section.14}% 11
\BOOKMARK [1][]{section.35}{\376\377\000E\000x\000p\000e\000r\000i\000m\000e\000n\000t\000s}{}% 12
\BOOKMARK [2][]{subsection.36}{\376\377\000D\000a\000t\000a\000s\000e\000t\000\040\000a\000n\000d\000\040\000s\000e\000t\000u\000p}{section.35}% 13
\BOOKMARK [2][]{subsection.37}{\376\377\000M\000a\000i\000n\000\040\000r\000e\000s\000u\000l\000t\000s\000\040\000o\000n\000\040\000L\000A\000V\000-\000D\000F}{section.35}% 14
\BOOKMARK [2][]{subsection.40}{\376\377\000A\000t\000t\000e\000n\000t\000i\000o\000n\000\040\000v\000a\000r\000i\000a\000n\000t\000\040\000a\000n\000a\000l\000y\000s\000i\000s}{section.35}% 15
\BOOKMARK [2][]{subsection.43}{\376\377\000E\000x\000p\000l\000a\000i\000n\000a\000b\000i\000l\000i\000t\000y\000\040\000p\000r\000e\000s\000e\000r\000v\000a\000t\000i\000o\000n}{section.35}% 16
\BOOKMARK [2][]{subsection.48}{\376\377\000A\000b\000l\000a\000t\000i\000o\000n\000\040\000s\000t\000u\000d\000i\000e\000s}{section.35}% 17
\BOOKMARK [2][]{subsection.51}{\376\377\000C\000r\000o\000s\000s\000-\000d\000a\000t\000a\000s\000e\000t\000\040\000b\000e\000h\000a\000v\000i\000o\000r\000a\000l\000\040\000f\000i\000d\000e\000l\000i\000t\000y}{section.35}% 18
\BOOKMARK [1][]{section.54}{\376\377\000D\000i\000s\000c\000u\000s\000s\000i\000o\000n}{}% 19
\BOOKMARK [2][]{subsection.55}{\376\377\000A\000c\000c\000u\000r\000a\000c\000y\000\040\000a\000l\000o\000n\000e\000\040\000h\000i\000d\000e\000s\000\040\000f\000o\000r\000e\000n\000s\000i\000c\000\040\000r\000i\000s\000k}{section.54}% 20
\BOOKMARK [2][]{subsection.56}{\376\377\000W\000h\000y\000\040\000M\000Q\000A\000\040\000w\000o\000r\000k\000s\000\040\000b\000e\000t\000t\000e\000r\000\040\000t\000h\000a\000n\000\040\000L\000i\000n\000e\000a\000r\000\040\000A\000t\000t\000e\000n\000t\000i\000o\000n}{section.54}% 21
\BOOKMARK [2][]{subsection.57}{\376\377\000D\000e\000p\000l\000o\000y\000m\000e\000n\000t\000\040\000i\000m\000p\000l\000i\000c\000a\000t\000i\000o\000n\000s}{section.54}% 22
\BOOKMARK [2][]{subsection.58}{\376\377\000L\000i\000m\000i\000t\000a\000t\000i\000o\000n\000s}{section.54}% 23
\BOOKMARK [1][]{section.59}{\376\377\000C\000o\000n\000c\000l\000u\000s\000i\000o\000n}{}% 24
